  Basic_EFM_Template.cpp
D:\template efm en cours\Basic_EFM_Template\Basic_EFM_Template.cpp(45,15): warning C4244: '=' : conversion de 'double' en 'int', perte possible de données
  (compiler le fichier source '/Basic_EFM_Template.cpp')
  
D:\template efm en cours\Basic_EFM_Template\Basic_EFM_Template.cpp(2688,4): warning C4477: 'fprintf' : la chaîne de format '%.2f' nécessite un argument de type 'double', mais l'argument variadique 63 est de type 'int'
  (compiler le fichier source '/Basic_EFM_Template.cpp')
  
D:\template efm en cours\Basic_EFM_Template\Basic_EFM_Template.cpp(2688,4): warning C4477: 'fprintf' : la chaîne de format '%.2f' nécessite un argument de type 'double', mais l'argument variadique 64 est de type 'int'
  (compiler le fichier source '/Basic_EFM_Template.cpp')
  
D:\template efm en cours\Basic_EFM_Template\Basic_EFM_Template.cpp(2688,4): warning C4477: 'fprintf' : la chaîne de format '%.2f' nécessite un argument de type 'double', mais l'argument variadique 65 est de type 'int'
  (compiler le fichier source '/Basic_EFM_Template.cpp')
  
D:\template efm en cours\Basic_EFM_Template\Basic_EFM_Template.cpp(2584,11): warning C4996: 'fopen': This function or variable may be unsafe. Consider using fopen_s instead. To disable deprecation, use _CRT_SECURE_NO_WARNINGS. See online help for details.
  (compiler le fichier source '/Basic_EFM_Template.cpp')
  
D:\template efm en cours\Basic_EFM_Template\Basic_EFM_Template.cpp(3220,66): warning C4244: '=' : conversion de 'double' en 'int', perte possible de données
  (compiler le fichier source '/Basic_EFM_Template.cpp')
  
D:\template efm en cours\Basic_EFM_Template\Basic_EFM_Template.cpp(3234,55): warning C4244: '=' : conversion de 'double' en 'int', perte possible de données
  (compiler le fichier source '/Basic_EFM_Template.cpp')
  
D:\template efm en cours\Basic_EFM_Template\Basic_EFM_Template.cpp(3247,55): warning C4244: '=' : conversion de 'double' en 'float', perte possible de données
  (compiler le fichier source '/Basic_EFM_Template.cpp')
  
     Création de la bibliothèque D:\template efm en cours\x64\Release\Rafale_DLL.lib et de l'objet D:\template efm en cours\x64\Release\Rafale_DLL.exp
  Génération de code en cours
  1 of 117 functions ( 0.9%) were compiled, the rest were copied from previous compilation.
    0 functions were new in current compilation
    0 functions had inline decision re-evaluated but remain unchanged
  Fin de la génération du code
  ED_FM_Template.vcxproj -> D:\template efm en cours\x64\Release\Rafale_DLL.dll
