k:\template efm ne pas toucher\basic_efm_template\x64\release\vc145.pdb
k:\template efm ne pas toucher\basic_efm_template\x64\release\dllmain.obj
k:\template efm ne pas toucher\basic_efm_template\x64\release\rafale_dll.pch
k:\template efm ne pas toucher\basic_efm_template\x64\release\stdafx.obj
k:\template efm ne pas toucher\basic_efm_template\x64\release\api_declare.obj
k:\template efm ne pas toucher\basic_efm_template\x64\release\basic_efm_template.obj
k:\template efm ne pas toucher\x64\release\rafale_dll.dll
k:\template efm ne pas toucher\x64\release\rafale_dll.pdb
k:\template efm ne pas toucher\x64\release\rafale_dll.lib
k:\template efm ne pas toucher\x64\release\rafale_dll.exp
k:\template efm ne pas toucher\basic_efm_template\x64\release\rafale_dll.ipdb
k:\template efm ne pas toucher\basic_efm_template\x64\release\rafale_dll.iobj
k:\template efm ne pas toucher\basic_efm_template\x64\release\basicefm_template.ipdb
k:\template efm ne pas toucher\basic_efm_template\x64\release\efm_implementation.ipdb
k:\template efm ne pas toucher\basic_efm_template\x64\release\basicefm_template.iobj
k:\template efm ne pas toucher\basic_efm_template\x64\release\efm_implementation.iobj
k:\template efm ne pas toucher\basic_efm_template\x64\release\basicefm_template.pch
k:\template efm ne pas toucher\basic_efm_template\x64\release\efm_implementation.pch
k:\template efm ne pas toucher\basic_efm_template\x64\release\basic_ef.30a7f19a.tlog\cl.command.1.tlog
k:\template efm ne pas toucher\basic_efm_template\x64\release\basic_ef.30a7f19a.tlog\cl.items.tlog
k:\template efm ne pas toucher\basic_efm_template\x64\release\basic_ef.30a7f19a.tlog\cl.read.1.tlog
k:\template efm ne pas toucher\basic_efm_template\x64\release\basic_ef.30a7f19a.tlog\cl.write.1.tlog
k:\template efm ne pas toucher\basic_efm_template\x64\release\basic_ef.30a7f19a.tlog\link.command.1.tlog
k:\template efm ne pas toucher\basic_efm_template\x64\release\basic_ef.30a7f19a.tlog\link.read.1.tlog
k:\template efm ne pas toucher\basic_efm_template\x64\release\basic_ef.30a7f19a.tlog\link.secondary.1.tlog
k:\template efm ne pas toucher\basic_efm_template\x64\release\basic_ef.30a7f19a.tlog\link.write.1.tlog
